============================================
Instance-level Training (2026-02-05)
============================================
Job ID: 948050, Array Task: 1
Experiment: E30_adapter_instance_p1
Config: src/config/adapter_instance_p1_20260205.yaml
Date: Fri Feb  6 23:29:17 CET 2026
Node: node886
GPU: NVIDIA L4
============================================
CUDA module not loaded

Key improvements in this training:
  1. Instance-level target (cell_id instead of semantic mask)
  2. Box clipping for pred/target
  3. Instance Dice for validation

Loaded config: src/config/adapter_instance_p1_20260205.yaml
Using device: cuda
Output directory: checkpoints/E30_adapter_instance_p1_20260205_20260206_233137
Loaded 334 samples from train split
Loaded 71 samples from val split
✅ Semantic Channel Mapping enabled: R=Actn2, G=BF, B=DAPI
Loaded 334 samples (training=True)
✅ Semantic Channel Mapping enabled: R=Actn2, G=BF, B=DAPI
Loaded 71 samples (training=False)
Train samples: 334, Val samples: 71
Froze image encoder
Created independent channel adapter (30 params)
Adapter parameters: 30
Total trainable parameters: 199,922,652
Enabled losses: Dice, BCE, Boundary, AJI
Mixed precision (AMP) enabled
Using Dice for early stopping
Epoch [1/30] Train Loss: 0.4370, Instance Dice: 0.5441, Semantic Dice: 0.7882, PQ: 0.0000, LR: 0.000375
  -> New best Dice! Saved to checkpoints/E30_adapter_instance_p1_20260205_20260206_233137/best_model.pt
Epoch [2/30] Train Loss: 0.3766, Instance Dice: 0.6195, Semantic Dice: 0.7179, PQ: 0.0000, LR: 0.000125
  -> New best Dice! Saved to checkpoints/E30_adapter_instance_p1_20260205_20260206_233137/best_model.pt
Epoch [3/30] Train Loss: 0.2977, Instance Dice: 0.6780, Semantic Dice: 0.7693, PQ: 0.0000, LR: 0.000500
  -> New best Dice! Saved to checkpoints/E30_adapter_instance_p1_20260205_20260206_233137/best_model.pt
Epoch [4/30] Train Loss: 0.2956, Instance Dice: 0.6657, Semantic Dice: 0.7371, PQ: 0.0000, LR: 0.000467
Epoch [5/30] Train Loss: 0.2839, Instance Dice: 0.6893, Semantic Dice: 0.7587, PQ: 0.0000, LR: 0.000375
  -> New best Dice! Saved to checkpoints/E30_adapter_instance_p1_20260205_20260206_233137/best_model.pt
Epoch [6/30] Train Loss: 0.2716, Instance Dice: 0.7056, Semantic Dice: 0.7759, PQ: 0.0000, LR: 0.000250
  -> New best Dice! Saved to checkpoints/E30_adapter_instance_p1_20260205_20260206_233137/best_model.pt
Epoch [7/30] Train Loss: 0.2643, Instance Dice: 0.7049, Semantic Dice: 0.7625, PQ: 0.0000, LR: 0.000125
Epoch [8/30] Train Loss: 0.2581, Instance Dice: 0.7011, Semantic Dice: 0.7514, PQ: 0.0000, LR: 0.000033
Epoch [9/30] Train Loss: 0.2547, Instance Dice: 0.7064, Semantic Dice: 0.7544, PQ: 0.0000, LR: 0.000500
  -> New best Dice! Saved to checkpoints/E30_adapter_instance_p1_20260205_20260206_233137/best_model.pt
Epoch [10/30] Train Loss: 0.2673, Instance Dice: 0.6846, Semantic Dice: 0.7373, PQ: 0.0000, LR: 0.000491
Epoch [11/30] Train Loss: 0.2677, Instance Dice: 0.7105, Semantic Dice: 0.7754, PQ: 0.0000, LR: 0.000467
  -> New best Dice! Saved to checkpoints/E30_adapter_instance_p1_20260205_20260206_233137/best_model.pt
Epoch [12/30] Train Loss: 0.2649, Instance Dice: 0.7131, Semantic Dice: 0.7681, PQ: 0.0000, LR: 0.000427
  -> New best Dice! Saved to checkpoints/E30_adapter_instance_p1_20260205_20260206_233137/best_model.pt
Epoch [13/30] Train Loss: 0.2624, Instance Dice: 0.6858, Semantic Dice: 0.7348, PQ: 0.0000, LR: 0.000375
Epoch [14/30] Train Loss: 0.2591, Instance Dice: 0.7002, Semantic Dice: 0.7492, PQ: 0.0000, LR: 0.000315
Epoch [15/30] Train Loss: 0.2563, Instance Dice: 0.7194, Semantic Dice: 0.7757, PQ: 0.0000, LR: 0.000250
  -> New best Dice! Saved to checkpoints/E30_adapter_instance_p1_20260205_20260206_233137/best_model.pt
Epoch [16/30] Train Loss: 0.2536, Instance Dice: 0.7125, Semantic Dice: 0.7607, PQ: 0.0000, LR: 0.000185
Epoch [17/30] Train Loss: 0.2503, Instance Dice: 0.7164, Semantic Dice: 0.7636, PQ: 0.0000, LR: 0.000125
Epoch [18/30] Train Loss: 0.2498, Instance Dice: 0.7046, Semantic Dice: 0.7422, PQ: 0.0000, LR: 0.000073
Epoch [19/30] Train Loss: 0.2486, Instance Dice: 0.7098, Semantic Dice: 0.7501, PQ: 0.0000, LR: 0.000033
Epoch [20/30] Train Loss: 0.2465, Instance Dice: 0.7138, Semantic Dice: 0.7572, PQ: 0.0000, LR: 0.000009
Epoch [21/30] Train Loss: 0.2456, Instance Dice: 0.7129, Semantic Dice: 0.7550, PQ: 0.0000, LR: 0.000500
Epoch [22/30] Train Loss: 0.2596, Instance Dice: 0.6935, Semantic Dice: 0.7356, PQ: 0.0000, LR: 0.000498
Epoch [23/30] Train Loss: 0.2600, Instance Dice: 0.6958, Semantic Dice: 0.7400, PQ: 0.0000, LR: 0.000491
Epoch [24/30] Train Loss: 0.2586, Instance Dice: 0.7126, Semantic Dice: 0.7607, PQ: 0.0000, LR: 0.000481
Epoch [25/30] Train Loss: 0.2562, Instance Dice: 0.6899, Semantic Dice: 0.7382, PQ: 0.0000, LR: 0.000467
Epoch [26/30] Train Loss: 0.2558, Instance Dice: 0.7019, Semantic Dice: 0.7445, PQ: 0.0000, LR: 0.000448
Epoch [27/30] Train Loss: 0.2569, Instance Dice: 0.6936, Semantic Dice: 0.7314, PQ: 0.0000, LR: 0.000427
Epoch [28/30] Train Loss: 0.2552, Instance Dice: 0.7148, Semantic Dice: 0.7586, PQ: 0.0000, LR: 0.000402
Epoch [29/30] Train Loss: 0.2529, Instance Dice: 0.7005, Semantic Dice: 0.7387, PQ: 0.0000, LR: 0.000375
Epoch [30/30] Train Loss: 0.2502, Instance Dice: 0.7113, Semantic Dice: 0.7529, PQ: 0.0000, LR: 0.000346

Training complete! Best Val Dice: 0.7194, Best Val PQ: 0.0000
Model saved to: checkpoints/E30_adapter_instance_p1_20260205_20260206_233137
============================================
Training completed: E30_adapter_instance_p1
End time: Sat Feb  7 00:48:44 CET 2026
============================================
