============================================
Instance-level Training (2026-02-05)
============================================
Job ID: 951099, Array Task: 2
Experiment: E31_bf_instance_p2
Config: src/config/bf_instance_p2_20260205.yaml
Date: Sat Feb  7 03:37:50 CET 2026
Node: node876
GPU: NVIDIA A100 80GB PCIe
============================================
CUDA module not loaded

Key improvements in this training:
  1. Instance-level target (cell_id instead of semantic mask)
  2. Box clipping for pred/target
  3. Instance Dice for validation

Loaded config: src/config/bf_instance_p2_20260205.yaml
Using device: cuda
Output directory: checkpoints/E31_bf_instance_p2_20260205_20260207_033759
Loaded 334 samples from train split
Loaded 71 samples from val split
Loaded 334 samples (training=True)
Loaded 71 samples (training=False)
Train samples: 334, Val samples: 71
Froze image encoder
Total trainable parameters: 199,922,622
Enabled losses: Dice, BCE, Boundary, AJI, Topology, Size, Contour
Mixed precision (AMP) enabled
Using Dice for early stopping
Epoch [1/50] Train Loss: 0.6237, Instance Dice: 0.0000, Semantic Dice: 0.0000, PQ: 0.0000, LR: 0.000090
Epoch [2/50] Train Loss: 0.6219, Instance Dice: 0.0000, Semantic Dice: 0.0000, PQ: 0.0000, LR: 0.000065
Epoch [3/50] Train Loss: 0.6139, Instance Dice: 0.0624, Semantic Dice: 0.0902, PQ: 0.0000, LR: 0.000035
  -> New best Dice! Saved to checkpoints/E31_bf_instance_p2_20260205_20260207_033759/best_model.pt
Epoch [4/50] Train Loss: 0.5632, Instance Dice: 0.4901, Semantic Dice: 0.6168, PQ: 0.0000, LR: 0.000010
  -> New best Dice! Saved to checkpoints/E31_bf_instance_p2_20260205_20260207_033759/best_model.pt
Epoch [5/50] Train Loss: 0.5076, Instance Dice: 0.4926, Semantic Dice: 0.6069, PQ: 0.0000, LR: 0.000100
  -> New best Dice! Saved to checkpoints/E31_bf_instance_p2_20260205_20260207_033759/best_model.pt
Epoch [6/50] Train Loss: 0.5041, Instance Dice: 0.6284, Semantic Dice: 0.7357, PQ: 0.0000, LR: 0.000098
  -> New best Dice! Saved to checkpoints/E31_bf_instance_p2_20260205_20260207_033759/best_model.pt
Epoch [7/50] Train Loss: 0.4740, Instance Dice: 0.6157, Semantic Dice: 0.6961, PQ: 0.0000, LR: 0.000090
Epoch [8/50] Train Loss: 0.4507, Instance Dice: 0.5632, Semantic Dice: 0.6048, PQ: 0.0000, LR: 0.000079
Epoch [9/50] Train Loss: 0.4352, Instance Dice: 0.6409, Semantic Dice: 0.6912, PQ: 0.0000, LR: 0.000065
  -> New best Dice! Saved to checkpoints/E31_bf_instance_p2_20260205_20260207_033759/best_model.pt
Epoch [10/50] Train Loss: 0.4289, Instance Dice: 0.6357, Semantic Dice: 0.6824, PQ: 0.0000, LR: 0.000050
Epoch [11/50] Train Loss: 0.4205, Instance Dice: 0.6812, Semantic Dice: 0.7353, PQ: 0.0000, LR: 0.000035
  -> New best Dice! Saved to checkpoints/E31_bf_instance_p2_20260205_20260207_033759/best_model.pt
Epoch [12/50] Train Loss: 0.4157, Instance Dice: 0.6503, Semantic Dice: 0.6897, PQ: 0.0000, LR: 0.000021
Epoch [13/50] Train Loss: 0.4139, Instance Dice: 0.6446, Semantic Dice: 0.6840, PQ: 0.0000, LR: 0.000010
Epoch [14/50] Train Loss: 0.4084, Instance Dice: 0.6651, Semantic Dice: 0.7068, PQ: 0.0000, LR: 0.000002
Epoch [15/50] Train Loss: 0.4068, Instance Dice: 0.6635, Semantic Dice: 0.7032, PQ: 0.0000, LR: 0.000100
Epoch [16/50] Train Loss: 0.4173, Instance Dice: 0.6665, Semantic Dice: 0.7074, PQ: 0.0000, LR: 0.000099
Epoch [17/50] Train Loss: 0.4173, Instance Dice: 0.6803, Semantic Dice: 0.7255, PQ: 0.0000, LR: 0.000098
Epoch [18/50] Train Loss: 0.4088, Instance Dice: 0.6854, Semantic Dice: 0.7346, PQ: 0.0000, LR: 0.000095
  -> New best Dice! Saved to checkpoints/E31_bf_instance_p2_20260205_20260207_033759/best_model.pt
Epoch [19/50] Train Loss: 0.4062, Instance Dice: 0.6818, Semantic Dice: 0.7211, PQ: 0.0000, LR: 0.000090
Epoch [20/50] Train Loss: 0.4074, Instance Dice: 0.6464, Semantic Dice: 0.6750, PQ: 0.0000, LR: 0.000085
Epoch [21/50] Train Loss: 0.4020, Instance Dice: 0.6493, Semantic Dice: 0.6798, PQ: 0.0000, LR: 0.000079
Epoch [22/50] Train Loss: 0.4005, Instance Dice: 0.6824, Semantic Dice: 0.7188, PQ: 0.0000, LR: 0.000073
Epoch [23/50] Train Loss: 0.3974, Instance Dice: 0.6479, Semantic Dice: 0.6764, PQ: 0.0000, LR: 0.000065
Epoch [24/50] Train Loss: 0.3963, Instance Dice: 0.6686, Semantic Dice: 0.6932, PQ: 0.0000, LR: 0.000058
Epoch [25/50] Train Loss: 0.3902, Instance Dice: 0.6883, Semantic Dice: 0.7213, PQ: 0.0000, LR: 0.000050
  -> New best Dice! Saved to checkpoints/E31_bf_instance_p2_20260205_20260207_033759/best_model.pt
Epoch [26/50] Train Loss: 0.3895, Instance Dice: 0.6682, Semantic Dice: 0.6965, PQ: 0.0000, LR: 0.000042
Epoch [27/50] Train Loss: 0.3871, Instance Dice: 0.6888, Semantic Dice: 0.7205, PQ: 0.0000, LR: 0.000035
  -> New best Dice! Saved to checkpoints/E31_bf_instance_p2_20260205_20260207_033759/best_model.pt
Epoch [28/50] Train Loss: 0.3874, Instance Dice: 0.6827, Semantic Dice: 0.7108, PQ: 0.0000, LR: 0.000027
Epoch [29/50] Train Loss: 0.3852, Instance Dice: 0.6885, Semantic Dice: 0.7188, PQ: 0.0000, LR: 0.000021
Epoch [30/50] Train Loss: 0.3872, Instance Dice: 0.6769, Semantic Dice: 0.7040, PQ: 0.0000, LR: 0.000015
Epoch [31/50] Train Loss: 0.3828, Instance Dice: 0.6773, Semantic Dice: 0.7034, PQ: 0.0000, LR: 0.000010
Epoch [32/50] Train Loss: 0.3838, Instance Dice: 0.6745, Semantic Dice: 0.6994, PQ: 0.0000, LR: 0.000005
Epoch [33/50] Train Loss: 0.3841, Instance Dice: 0.6782, Semantic Dice: 0.7042, PQ: 0.0000, LR: 0.000002
Epoch [34/50] Train Loss: 0.3800, Instance Dice: 0.6836, Semantic Dice: 0.7110, PQ: 0.0000, LR: 0.000001
Epoch [35/50] Train Loss: 0.3808, Instance Dice: 0.6813, Semantic Dice: 0.7081, PQ: 0.0000, LR: 0.000100
Epoch [36/50] Train Loss: 0.3972, Instance Dice: 0.6678, Semantic Dice: 0.6938, PQ: 0.0000, LR: 0.000100
Epoch [37/50] Train Loss: 0.3924, Instance Dice: 0.6883, Semantic Dice: 0.7197, PQ: 0.0000, LR: 0.000099
Epoch [38/50] Train Loss: 0.3911, Instance Dice: 0.6979, Semantic Dice: 0.7351, PQ: 0.0000, LR: 0.000099
  -> New best Dice! Saved to checkpoints/E31_bf_instance_p2_20260205_20260207_033759/best_model.pt
Epoch [39/50] Train Loss: 0.3882, Instance Dice: 0.6825, Semantic Dice: 0.7121, PQ: 0.0000, LR: 0.000098
Epoch [40/50] Train Loss: 0.3860, Instance Dice: 0.6994, Semantic Dice: 0.7335, PQ: 0.0000, LR: 0.000096
  -> New best Dice! Saved to checkpoints/E31_bf_instance_p2_20260205_20260207_033759/best_model.pt
Epoch [41/50] Train Loss: 0.3869, Instance Dice: 0.6595, Semantic Dice: 0.6835, PQ: 0.0000, LR: 0.000095
Epoch [42/50] Train Loss: 0.3804, Instance Dice: 0.7003, Semantic Dice: 0.7332, PQ: 0.0000, LR: 0.000093
  -> New best Dice! Saved to checkpoints/E31_bf_instance_p2_20260205_20260207_033759/best_model.pt
Epoch [43/50] Train Loss: 0.3807, Instance Dice: 0.6722, Semantic Dice: 0.6924, PQ: 0.0000, LR: 0.000090
Epoch [44/50] Train Loss: 0.3824, Instance Dice: 0.6816, Semantic Dice: 0.7073, PQ: 0.0000, LR: 0.000088
Epoch [45/50] Train Loss: 0.3763, Instance Dice: 0.6701, Semantic Dice: 0.6902, PQ: 0.0000, LR: 0.000085
Epoch [46/50] Train Loss: 0.3748, Instance Dice: 0.6744, Semantic Dice: 0.6958, PQ: 0.0000, LR: 0.000082
Epoch [47/50] Train Loss: 0.3758, Instance Dice: 0.6902, Semantic Dice: 0.7170, PQ: 0.0000, LR: 0.000079
Epoch [48/50] Train Loss: 0.3734, Instance Dice: 0.6913, Semantic Dice: 0.7190, PQ: 0.0000, LR: 0.000076
Epoch [49/50] Train Loss: 0.3736, Instance Dice: 0.6894, Semantic Dice: 0.7191, PQ: 0.0000, LR: 0.000073
Epoch [50/50] Train Loss: 0.3718, Instance Dice: 0.6851, Semantic Dice: 0.7113, PQ: 0.0000, LR: 0.000069

Training complete! Best Val Dice: 0.7003, Best Val PQ: 0.0000
Model saved to: checkpoints/E31_bf_instance_p2_20260205_20260207_033759
============================================
Training completed: E31_bf_instance_p2
End time: Sat Feb  7 06:08:14 CET 2026
============================================
