============================================
Instance-level Training (2026-02-05)
============================================
Job ID: 945995, Array Task: 3
Experiment: E32_adapter_instance_p2
Config: src/config/adapter_instance_p2_20260205.yaml
Date: Sat Feb  7 04:11:28 CET 2026
Node: node872
GPU: NVIDIA A100 80GB PCIe
============================================
CUDA module not loaded

Key improvements in this training:
  1. Instance-level target (cell_id instead of semantic mask)
  2. Box clipping for pred/target
  3. Instance Dice for validation

Loaded config: src/config/adapter_instance_p2_20260205.yaml
Using device: cuda
Output directory: checkpoints/E32_adapter_instance_p2_20260205_20260207_041140
Loaded 334 samples from train split
Loaded 71 samples from val split
✅ Semantic Channel Mapping enabled: R=Actn2, G=BF, B=DAPI
Loaded 334 samples (training=True)
✅ Semantic Channel Mapping enabled: R=Actn2, G=BF, B=DAPI
Loaded 71 samples (training=False)
Train samples: 334, Val samples: 71
Froze image encoder
Created independent channel adapter (30 params)
Adapter parameters: 30
Total trainable parameters: 199,922,652
Enabled losses: Dice, BCE, Boundary, AJI, Topology, Size, Contour
Mixed precision (AMP) enabled
Using Dice for early stopping
Epoch [1/50] Train Loss: 0.6235, Instance Dice: 0.0000, Semantic Dice: 0.0000, PQ: 0.0000, LR: 0.000090
Epoch [2/50] Train Loss: 0.6198, Instance Dice: 0.0000, Semantic Dice: 0.0000, PQ: 0.0000, LR: 0.000065
  -> New best Dice! Saved to checkpoints/E32_adapter_instance_p2_20260205_20260207_041140/best_model.pt
Epoch [3/50] Train Loss: 0.6001, Instance Dice: 0.5705, Semantic Dice: 0.7408, PQ: 0.0000, LR: 0.000035
  -> New best Dice! Saved to checkpoints/E32_adapter_instance_p2_20260205_20260207_041140/best_model.pt
Epoch [4/50] Train Loss: 0.5255, Instance Dice: 0.5981, Semantic Dice: 0.7363, PQ: 0.0000, LR: 0.000010
  -> New best Dice! Saved to checkpoints/E32_adapter_instance_p2_20260205_20260207_041140/best_model.pt
Epoch [5/50] Train Loss: 0.4955, Instance Dice: 0.5893, Semantic Dice: 0.6963, PQ: 0.0000, LR: 0.000100
Epoch [6/50] Train Loss: 0.4991, Instance Dice: 0.5460, Semantic Dice: 0.6370, PQ: 0.0000, LR: 0.000098
Epoch [7/50] Train Loss: 0.4706, Instance Dice: 0.6143, Semantic Dice: 0.6896, PQ: 0.0000, LR: 0.000090
  -> New best Dice! Saved to checkpoints/E32_adapter_instance_p2_20260205_20260207_041140/best_model.pt
Epoch [8/50] Train Loss: 0.4538, Instance Dice: 0.5903, Semantic Dice: 0.6390, PQ: 0.0000, LR: 0.000079
Epoch [9/50] Train Loss: 0.4397, Instance Dice: 0.6623, Semantic Dice: 0.7217, PQ: 0.0000, LR: 0.000065
  -> New best Dice! Saved to checkpoints/E32_adapter_instance_p2_20260205_20260207_041140/best_model.pt
Epoch [10/50] Train Loss: 0.4317, Instance Dice: 0.6465, Semantic Dice: 0.6982, PQ: 0.0000, LR: 0.000050
Epoch [11/50] Train Loss: 0.4231, Instance Dice: 0.6463, Semantic Dice: 0.6881, PQ: 0.0000, LR: 0.000035
Epoch [12/50] Train Loss: 0.4187, Instance Dice: 0.6764, Semantic Dice: 0.7229, PQ: 0.0000, LR: 0.000021
  -> New best Dice! Saved to checkpoints/E32_adapter_instance_p2_20260205_20260207_041140/best_model.pt
Epoch [13/50] Train Loss: 0.4119, Instance Dice: 0.6596, Semantic Dice: 0.6980, PQ: 0.0000, LR: 0.000010
Epoch [14/50] Train Loss: 0.4108, Instance Dice: 0.6564, Semantic Dice: 0.6927, PQ: 0.0000, LR: 0.000002
Epoch [15/50] Train Loss: 0.4112, Instance Dice: 0.6642, Semantic Dice: 0.7029, PQ: 0.0000, LR: 0.000100
Epoch [16/50] Train Loss: 0.4202, Instance Dice: 0.6639, Semantic Dice: 0.7055, PQ: 0.0000, LR: 0.000099
Epoch [17/50] Train Loss: 0.4197, Instance Dice: 0.6769, Semantic Dice: 0.7195, PQ: 0.0000, LR: 0.000098
  -> New best Dice! Saved to checkpoints/E32_adapter_instance_p2_20260205_20260207_041140/best_model.pt
Epoch [18/50] Train Loss: 0.4162, Instance Dice: 0.6795, Semantic Dice: 0.7218, PQ: 0.0000, LR: 0.000095
  -> New best Dice! Saved to checkpoints/E32_adapter_instance_p2_20260205_20260207_041140/best_model.pt
Epoch [19/50] Train Loss: 0.4107, Instance Dice: 0.6641, Semantic Dice: 0.6975, PQ: 0.0000, LR: 0.000090
Epoch [20/50] Train Loss: 0.4066, Instance Dice: 0.6789, Semantic Dice: 0.7212, PQ: 0.0000, LR: 0.000085
Epoch [21/50] Train Loss: 0.4046, Instance Dice: 0.6666, Semantic Dice: 0.7046, PQ: 0.0000, LR: 0.000079
Epoch [22/50] Train Loss: 0.4016, Instance Dice: 0.6687, Semantic Dice: 0.7024, PQ: 0.0000, LR: 0.000073
Epoch [23/50] Train Loss: 0.4006, Instance Dice: 0.6832, Semantic Dice: 0.7194, PQ: 0.0000, LR: 0.000065
  -> New best Dice! Saved to checkpoints/E32_adapter_instance_p2_20260205_20260207_041140/best_model.pt
Epoch [24/50] Train Loss: 0.3965, Instance Dice: 0.6733, Semantic Dice: 0.7042, PQ: 0.0000, LR: 0.000058
Epoch [25/50] Train Loss: 0.3957, Instance Dice: 0.6753, Semantic Dice: 0.7032, PQ: 0.0000, LR: 0.000050
Epoch [26/50] Train Loss: 0.3919, Instance Dice: 0.6698, Semantic Dice: 0.6967, PQ: 0.0000, LR: 0.000042
Epoch [27/50] Train Loss: 0.3907, Instance Dice: 0.6507, Semantic Dice: 0.6744, PQ: 0.0000, LR: 0.000035
Epoch [28/50] Train Loss: 0.3902, Instance Dice: 0.6769, Semantic Dice: 0.7072, PQ: 0.0000, LR: 0.000027
Epoch [29/50] Train Loss: 0.3865, Instance Dice: 0.6692, Semantic Dice: 0.6971, PQ: 0.0000, LR: 0.000021
Epoch [30/50] Train Loss: 0.3856, Instance Dice: 0.6844, Semantic Dice: 0.7132, PQ: 0.0000, LR: 0.000015
  -> New best Dice! Saved to checkpoints/E32_adapter_instance_p2_20260205_20260207_041140/best_model.pt
Epoch [31/50] Train Loss: 0.3848, Instance Dice: 0.6801, Semantic Dice: 0.7087, PQ: 0.0000, LR: 0.000010
Epoch [32/50] Train Loss: 0.3840, Instance Dice: 0.6797, Semantic Dice: 0.7069, PQ: 0.0000, LR: 0.000005
Epoch [33/50] Train Loss: 0.3845, Instance Dice: 0.6855, Semantic Dice: 0.7144, PQ: 0.0000, LR: 0.000002
  -> New best Dice! Saved to checkpoints/E32_adapter_instance_p2_20260205_20260207_041140/best_model.pt
Epoch [34/50] Train Loss: 0.3821, Instance Dice: 0.6791, Semantic Dice: 0.7061, PQ: 0.0000, LR: 0.000001
Epoch [35/50] Train Loss: 0.3849, Instance Dice: 0.6801, Semantic Dice: 0.7073, PQ: 0.0000, LR: 0.000100
Epoch [36/50] Train Loss: 0.3983, Instance Dice: 0.6927, Semantic Dice: 0.7249, PQ: 0.0000, LR: 0.000100
  -> New best Dice! Saved to checkpoints/E32_adapter_instance_p2_20260205_20260207_041140/best_model.pt
Epoch [37/50] Train Loss: 0.3933, Instance Dice: 0.6473, Semantic Dice: 0.6770, PQ: 0.0000, LR: 0.000099
Epoch [38/50] Train Loss: 0.3923, Instance Dice: 0.6888, Semantic Dice: 0.7205, PQ: 0.0000, LR: 0.000099
Epoch [39/50] Train Loss: 0.3936, Instance Dice: 0.6578, Semantic Dice: 0.6861, PQ: 0.0000, LR: 0.000098
Epoch [40/50] Train Loss: 0.3910, Instance Dice: 0.6795, Semantic Dice: 0.7060, PQ: 0.0000, LR: 0.000096
Epoch [41/50] Train Loss: 0.3855, Instance Dice: 0.6628, Semantic Dice: 0.6878, PQ: 0.0000, LR: 0.000095
Epoch [42/50] Train Loss: 0.3880, Instance Dice: 0.6806, Semantic Dice: 0.7093, PQ: 0.0000, LR: 0.000093
Epoch [43/50] Train Loss: 0.3798, Instance Dice: 0.6724, Semantic Dice: 0.6963, PQ: 0.0000, LR: 0.000090
Epoch [44/50] Train Loss: 0.3812, Instance Dice: 0.6867, Semantic Dice: 0.7127, PQ: 0.0000, LR: 0.000088
Epoch [45/50] Train Loss: 0.3807, Instance Dice: 0.6775, Semantic Dice: 0.7012, PQ: 0.0000, LR: 0.000085
Epoch [46/50] Train Loss: 0.3781, Instance Dice: 0.6874, Semantic Dice: 0.7184, PQ: 0.0000, LR: 0.000082
Epoch [47/50] Train Loss: 0.3794, Instance Dice: 0.6824, Semantic Dice: 0.7114, PQ: 0.0000, LR: 0.000079
Epoch [48/50] Train Loss: 0.3761, Instance Dice: 0.6789, Semantic Dice: 0.7030, PQ: 0.0000, LR: 0.000076
Epoch [49/50] Train Loss: 0.3748, Instance Dice: 0.6968, Semantic Dice: 0.7309, PQ: 0.0000, LR: 0.000073
  -> New best Dice! Saved to checkpoints/E32_adapter_instance_p2_20260205_20260207_041140/best_model.pt
Epoch [50/50] Train Loss: 0.3752, Instance Dice: 0.6821, Semantic Dice: 0.7104, PQ: 0.0000, LR: 0.000069

Training complete! Best Val Dice: 0.6968, Best Val PQ: 0.0000
Model saved to: checkpoints/E32_adapter_instance_p2_20260205_20260207_041140
============================================
Training completed: E32_adapter_instance_p2
End time: Sat Feb  7 06:57:01 CET 2026
============================================
